// Jest Snapshot v1, https://goo.gl/fbAQLP

exports[`Toast component renders when active 1`] = `
<div
  class="v-toast__item v-toast__item--success v-toast__item--bottom-right v-enter-from v-toast--fade-in-up"
  role="alert"
  style=""
>
  <div
    class="v-toast__icon"
  />
  <p
    class="v-toast__text"
  >
    Test message
  </p>
  <button
    class="v-toast__close"
  >
    <svg
      fill="none"
      height="21"
      viewBox="0 0 21 21"
      width="21"
      xmlns="http://www.w3.org/2000/svg"
    >
      <path
        clip-rule="evenodd"
        d="M4.43388 5.18449C4.82441 4.79397 5.45757 4.79397 5.8481 5.18449L10.141 9.47739L14.4339 5.18449C14.8244 4.79397 15.4576 4.79397 15.8481 5.18449C16.2386 5.57502 16.2386 6.20818 15.8481 6.59871L11.5552 10.8916L15.8481 15.1845C16.2386 15.575 16.2386 16.2082 15.8481 16.5987C15.4576 16.9892 14.8244 16.9892 14.4339 16.5987L10.141 12.3058L5.8481 16.5987C5.45757 16.9892 4.82441 16.9892 4.43388 16.5987C4.04336 16.2082 4.04336 15.575 4.43388 15.1845L8.72678 10.8916L4.43388 6.59871C4.04336 6.20818 4.04336 5.57502 4.43388 5.18449Z"
        fill-rule="evenodd"
      />
    </svg>
  </button>
</div>
`;
